
> marrakech@0.1.0 build
> next build

[baseline-browser-mapping] The data in this module is over two months old.  To ensure accurate Baseline data, please update: `npm i baseline-browser-mapping@latest -D`
   ▲ Next.js 16.0.3 (Turbopack)
   - Environments: .env

 ⚠ The "middleware" file convention is deprecated. Please use "proxy" instead. Learn more: https://nextjs.org/docs/messages/middleware-to-proxy
   Creating an optimized production build ...
[baseline-browser-mapping] The data in this module is over two months old.  To ensure accurate Baseline data, please update: `npm i baseline-browser-mapping@latest -D`
 ✓ Compiled successfully in 17.2s
   Running TypeScript ...
Failed to compile.

./src/app/api/services/route.ts:30:13
Type error: Type '{ title: any; description: any; price: number; images: string; category: any; features: string; included: string; whatToBring: string; tags: string; }' is not assignable to type '(Without<ServiceCreateInput, ServiceUncheckedCreateInput> & ServiceUncheckedCreateInput) | (Without<...> & ServiceCreateInput)'.
  Type '{ title: any; description: any; price: number; images: string; category: any; features: string; included: string; whatToBring: string; tags: string; }' is not assignable to type 'Without<ServiceUncheckedCreateInput, ServiceCreateInput> & ServiceCreateInput'.
    Type '{ title: any; description: any; price: number; images: string; category: any; features: string; included: string; whatToBring: string; tags: string; }' is missing the following properties from type 'ServiceCreateInput': itinerary, host

[0m [90m 28 |[39m
 [90m 29 |[39m         [36mconst[39m service [33m=[39m [36mawait[39m prisma[33m.[39mservice[33m.[39mcreate({
[31m[1m>[22m[39m[90m 30 |[39m             data[33m:[39m {
 [90m    |[39m             [31m[1m^[22m[39m
 [90m 31 |[39m                 title[33m,[39m
 [90m 32 |[39m                 description[33m,[39m
 [90m 33 |[39m                 price[33m:[39m parseFloat(price)[33m,[39m[0m
Next.js build worker exited with code: 1 and signal: null
